exports[`<Floor /> Expect to render 1`] = `
ShallowWrapper {
  "complexSelector": ComplexSelector {
    "buildPredicate": [Function],
    "childrenOfNode": [Function],
    "findWhereUnwrapped": [Function],
  },
  "length": 1,
  "node": <styled.div>
    <styled.h2 />
    <styled.div>
        <Styled(undefined)
            src={undefined} />
        <RoomLabel
            left={0}
            name="Room 1"
            top={0} />
    </styled.div>
</styled.div>,
  "nodes": Array [
    <styled.div>
      <styled.h2 />
      <styled.div>
            <Styled(undefined)
                  src={undefined} />
            <RoomLabel
                  left={0}
                  name="Room 1"
                  top={0} />
      </styled.div>
</styled.div>,
  ],
  "options": Object {
    "context": Object {
      "__styled-components__": [Function],
    },
  },
  "renderer": ReactShallowRenderer {
    "_instance": ShallowComponentWrapper {
      "_calledComponentWillUnmount": false,
      "_compositeType": 1,
      "_context": Object {
        "__styled-components__": [Function],
      },
      "_currentElement": <Floor
        labels={
                Array [
                        Object {
                          "name": "Room 1",
                          "x": 0,
                          "y": 0,
                        },
                      ]
        } />,
      "_debugID": 3,
      "_hostContainerInfo": null,
      "_hostParent": null,
      "_instance": Floor {
        "_reactInternalInstance": [Circular],
        "context": Object {},
        "props": Object {
          "labels": Array [
            Object {
              "name": "Room 1",
              "x": 0,
              "y": 0,
            },
          ],
        },
        "refs": Object {},
        "state": null,
        "updater": Object {
          "enqueueCallback": [Function],
          "enqueueCallbackInternal": [Function],
          "enqueueElementInternal": [Function],
          "enqueueForceUpdate": [Function],
          "enqueueReplaceState": [Function],
          "enqueueSetState": [Function],
          "isMounted": [Function],
          "validateCallback": [Function],
        },
      },
      "_mountOrder": 2,
      "_pendingCallbacks": null,
      "_pendingElement": null,
      "_pendingForceUpdate": false,
      "_pendingReplaceState": false,
      "_pendingStateQueue": null,
      "_renderedComponent": NoopInternalComponent {
        "_currentElement": <styled.div>
          <styled.h2 />
          <styled.div>
                    <Styled(undefined)
                              src={undefined} />
                    <RoomLabel
                              left={0}
                              name="Room 1"
                              top={0} />
          </styled.div>
</styled.div>,
        "_debugID": 4,
        "_renderedOutput": <styled.div>
          <styled.h2 />
          <styled.div>
                    <Styled(undefined)
                              src={undefined} />
                    <RoomLabel
                              left={0}
                              name="Room 1"
                              top={0} />
          </styled.div>
</styled.div>,
      },
      "_renderedNodeType": 1,
      "_rootNodeID": 0,
      "_topLevelWrapper": null,
      "_updateBatchNumber": null,
      "_warnedAboutRefsInRender": false,
    },
    "getRenderOutput": [Function],
    "render": [Function],
  },
  "root": [Circular],
  "unrendered": <Floor
    labels={
        Array [
            Object {
              "name": "Room 1",
              "x": 0,
              "y": 0,
            },
          ]
    } />,
}
`;
