exports[`<TableDisplay /> Expect StyledTable to have styles defined 1`] = `
ShallowWrapper {
  "complexSelector": ComplexSelector {
    "buildPredicate": [Function],
    "childrenOfNode": [Function],
    "findWhereUnwrapped": [Function],
  },
  "length": 1,
  "node": <div
    className="sc-bdVaJa iwhLko"
    height={80}
    width={40} />,
  "nodes": Array [
    <div
      className="sc-bdVaJa iwhLko"
      height={80}
      width={40} />,
  ],
  "options": Object {},
  "renderer": ReactShallowRenderer {
    "_instance": ShallowComponentWrapper {
      "_calledComponentWillUnmount": false,
      "_compositeType": 0,
      "_context": Object {},
      "_currentElement": <styled.div
        height={80}
        left={100}
        rotation={90}
        top={100}
        width={40} />,
      "_debugID": 1,
      "_hostContainerInfo": null,
      "_hostParent": null,
      "_instance": StyledComponent {
        "_reactInternalInstance": [Circular],
        "attrs": Object {},
        "context": Object {
          "__styled-components__": undefined,
        },
        "props": Object {
          "height": 80,
          "left": 100,
          "rotation": 90,
          "top": 100,
          "width": 40,
        },
        "refs": Object {},
        "state": Object {
          "generatedClassName": "iwhLko",
          "theme": Object {},
        },
        "updater": Object {
          "enqueueCallback": [Function],
          "enqueueCallbackInternal": [Function],
          "enqueueElementInternal": [Function],
          "enqueueForceUpdate": [Function],
          "enqueueReplaceState": [Function],
          "enqueueSetState": [Function],
          "isMounted": [Function],
          "validateCallback": [Function],
        },
      },
      "_mountOrder": 1,
      "_pendingCallbacks": null,
      "_pendingElement": null,
      "_pendingForceUpdate": false,
      "_pendingReplaceState": false,
      "_pendingStateQueue": null,
      "_renderedComponent": NoopInternalComponent {
        "_currentElement": <div
          className="sc-bdVaJa iwhLko"
          height={80}
          width={40} />,
        "_debugID": 2,
        "_renderedOutput": <div
          className="sc-bdVaJa iwhLko"
          height={80}
          width={40} />,
      },
      "_renderedNodeType": 0,
      "_rootNodeID": 0,
      "_topLevelWrapper": null,
      "_updateBatchNumber": null,
      "_warnedAboutRefsInRender": false,
    },
    "getRenderOutput": [Function],
    "render": [Function],
  },
  "root": [Circular],
  "unrendered": <styled.div
    height={80}
    left={100}
    rotation={90}
    top={100}
    width={40} />,
}
`;
