exports[`<ProjectIdentifier /> Expect Rectangle to have styles defined 1`] = `
ShallowWrapper {
  "complexSelector": ComplexSelector {
    "buildPredicate": [Function],
    "childrenOfNode": [Function],
    "findWhereUnwrapped": [Function],
  },
  "length": 1,
  "node": <styled.span
    className="undefined projectIdentifier-reactangle"
    color={undefined}
    scaleFactor={undefined} />,
  "nodes": Array [
    <styled.span
      className="undefined projectIdentifier-reactangle"
      color={undefined}
      scaleFactor={undefined} />,
  ],
  "options": Object {},
  "renderer": ReactShallowRenderer {
    "_instance": ShallowComponentWrapper {
      "_calledComponentWillUnmount": false,
      "_compositeType": 0,
      "_context": Object {},
      "_currentElement": <RectangleComponent
        projects={
                Array [
                        Object {
                          "color": "#FFFFFF",
                          "id": 1,
                          "name": "React Bauplan 2.0",
                          "short": "RB2.0",
                        },
                      ]
        } />,
      "_debugID": 1,
      "_hostContainerInfo": null,
      "_hostParent": null,
      "_instance": RectangleComponent {
        "_reactInternalInstance": [Circular],
        "context": Object {},
        "props": Object {
          "projects": Array [
            Object {
              "color": "#FFFFFF",
              "id": 1,
              "name": "React Bauplan 2.0",
              "short": "RB2.0",
            },
          ],
        },
        "refs": Object {},
        "state": null,
        "updater": Object {
          "enqueueCallback": [Function],
          "enqueueCallbackInternal": [Function],
          "enqueueElementInternal": [Function],
          "enqueueForceUpdate": [Function],
          "enqueueReplaceState": [Function],
          "enqueueSetState": [Function],
          "isMounted": [Function],
          "validateCallback": [Function],
        },
      },
      "_mountOrder": 1,
      "_pendingCallbacks": null,
      "_pendingElement": null,
      "_pendingForceUpdate": false,
      "_pendingReplaceState": false,
      "_pendingStateQueue": null,
      "_renderedComponent": NoopInternalComponent {
        "_currentElement": <styled.span
          className="undefined projectIdentifier-reactangle"
          color={undefined}
          scaleFactor={undefined} />,
        "_debugID": 2,
        "_renderedOutput": <styled.span
          className="undefined projectIdentifier-reactangle"
          color={undefined}
          scaleFactor={undefined} />,
      },
      "_renderedNodeType": 1,
      "_rootNodeID": 0,
      "_topLevelWrapper": null,
      "_updateBatchNumber": null,
      "_warnedAboutRefsInRender": false,
    },
    "getRenderOutput": [Function],
    "render": [Function],
  },
  "root": [Circular],
  "unrendered": <RectangleComponent
    projects={
        Array [
            Object {
              "color": "#FFFFFF",
              "id": 1,
              "name": "React Bauplan 2.0",
              "short": "RB2.0",
            },
          ]
    } />,
}
`;
