exports[`<Label /> Expect to match Snapshot 1`] = `
ShallowWrapper {
  "complexSelector": ComplexSelector {
    "buildPredicate": [Function],
    "childrenOfNode": [Function],
    "findWhereUnwrapped": [Function],
  },
  "length": 1,
  "node": <h4
    className="sc-bdVaJa ednyiP" />,
  "nodes": Array [
    <h4
      className="sc-bdVaJa ednyiP" />,
  ],
  "options": Object {},
  "renderer": ReactShallowRenderer {
    "_instance": ShallowComponentWrapper {
      "_calledComponentWillUnmount": false,
      "_compositeType": 0,
      "_context": Object {},
      "_currentElement": <styled.h4
        left={100}
        theme={
                Object {
                        "plans": Object {
                          "color": "#FFFFFF",
                          "roomName": Object {
                            "font": "Helvetica",
                            "size": 16,
                          },
                        },
                      }
        }
        top={100} />,
      "_debugID": 1,
      "_hostContainerInfo": null,
      "_hostParent": null,
      "_instance": StyledComponent {
        "_reactInternalInstance": [Circular],
        "attrs": Object {},
        "context": Object {
          "__styled-components__": undefined,
        },
        "props": Object {
          "left": 100,
          "theme": Object {
            "plans": Object {
              "color": "#FFFFFF",
              "roomName": Object {
                "font": "Helvetica",
                "size": 16,
              },
            },
          },
          "top": 100,
        },
        "refs": Object {},
        "state": Object {
          "generatedClassName": "ednyiP",
          "theme": Object {
            "plans": Object {
              "color": "#FFFFFF",
              "roomName": Object {
                "font": "Helvetica",
                "size": 16,
              },
            },
          },
        },
        "updater": Object {
          "enqueueCallback": [Function],
          "enqueueCallbackInternal": [Function],
          "enqueueElementInternal": [Function],
          "enqueueForceUpdate": [Function],
          "enqueueReplaceState": [Function],
          "enqueueSetState": [Function],
          "isMounted": [Function],
          "validateCallback": [Function],
        },
      },
      "_mountOrder": 1,
      "_pendingCallbacks": null,
      "_pendingElement": null,
      "_pendingForceUpdate": false,
      "_pendingReplaceState": false,
      "_pendingStateQueue": null,
      "_renderedComponent": NoopInternalComponent {
        "_currentElement": <h4
          className="sc-bdVaJa ednyiP" />,
        "_debugID": 2,
        "_renderedOutput": <h4
          className="sc-bdVaJa ednyiP" />,
      },
      "_renderedNodeType": 0,
      "_rootNodeID": 0,
      "_topLevelWrapper": null,
      "_updateBatchNumber": null,
      "_warnedAboutRefsInRender": false,
    },
    "getRenderOutput": [Function],
    "render": [Function],
  },
  "root": [Circular],
  "unrendered": <styled.h4
    left={100}
    theme={
        Object {
            "plans": Object {
              "color": "#FFFFFF",
              "roomName": Object {
                "font": "Helvetica",
                "size": 16,
              },
            },
          }
    }
    top={100} />,
}
`;
